// Jest Snapshot v1, https://goo.gl/fbAQLP

exports[`Snapshot Testing... App Component... 1`] = `undefined`;
